[    4449ms] [INFO] Writefull loaded (version 2025.68.0) @ https://cdn.overleaf.com/js/7311-f6c9004b7eb8292c1209.js:0
[    7684ms] [ERROR] Failed to load resource: the server responded with a status of 404 () @ https://compiles.overleafusercontent.com/zone/c/project/6a204ea1614e48bb59209a8b/user/69e630c83739a38ee3b1cd6c/build/19eaa0b27d6-639ed60b0aff0357/output/output.pdf?compileGroup=priority&clsiserverid=clsi-pre-emp-c4d-c-f-pqgm&enable_pdf_caching=true:0
[    7974ms] [ERROR] Failed to load resource: the server responded with a status of 404 () @ https://compiles.overleafusercontent.com/zone/c/project/6a204ea1614e48bb59209a8b/user/69e630c83739a38ee3b1cd6c/build/19eaa0b27d6-639ed60b0aff0357/output/output.pdf?compileGroup=priority&clsiserverid=clsi-pre-emp-c4d-c-f-pqgm&enable_pdf_caching=true:0
[    8551ms] [ERROR] Failed to load resource: the server responded with a status of 404 () @ https://compiles.overleafusercontent.com/zone/c/project/6a204ea1614e48bb59209a8b/user/69e630c83739a38ee3b1cd6c/build/19eaa0b27d6-639ed60b0aff0357/output/output.pdf?compileGroup=priority&clsiserverid=clsi-pre-emp-c4d-c-f-pqgm&enable_pdf_caching=true:0
[  163447ms] [ERROR] Failed to load resource: the server responded with a status of 404 () @ https://www.overleaf.com/project/6a204ea1614e48bb59209a8b/file-tree:0
[  163746ms] [ERROR] Failed to load resource: the server responded with a status of 404 () @ https://www.overleaf.com/project/6a204ea1614e48bb59209a8b/doc/submission_pricai2026.tex:0
[  314821ms] [ERROR] Failed to load resource: the server responded with a status of 404 () @ https://www.overleaf.com/project/6a204ea1614e48bb59209a8b/json:0
[  315123ms] [ERROR] Failed to load resource: the server responded with a status of 404 () @ https://www.overleaf.com/project/6a204ea1614e48bb59209a8b/data:0
[  315445ms] [ERROR] Failed to load resource: the server responded with a status of 404 () @ https://www.overleaf.com/project/6a204ea1614e48bb59209a8b/project:0
[  315780ms] [ERROR] Failed to load resource: the server responded with a status of 404 () @ https://www.overleaf.com/project/6a204ea1614e48bb59209a8b/details:0
[  316121ms] [ERROR] Failed to load resource: the server responded with a status of 404 () @ https://www.overleaf.com/project/6a204ea1614e48bb59209a8b/root-folder:0
[  316456ms] [ERROR] Failed to load resource: the server responded with a status of 404 () @ https://www.overleaf.com/project/6a204ea1614e48bb59209a8b/folders:0
[  316761ms] [ERROR] Failed to load resource: the server responded with a status of 404 () @ https://www.overleaf.com/project/6a204ea1614e48bb59209a8b/fileTree:0
[  317075ms] [ERROR] Failed to load resource: the server responded with a status of 404 () @ https://www.overleaf.com/project/6a204ea1614e48bb59209a8b/filetree:0
[  317403ms] [ERROR] Failed to load resource: the server responded with a status of 404 () @ https://www.overleaf.com/project/6a204ea1614e48bb59209a8b/tree:0
[  318029ms] [ERROR] Failed to load resource: the server responded with a status of 404 () @ https://www.overleaf.com/project/6a204ea1614e48bb59209a8b/docs:0
[  318341ms] [ERROR] Failed to load resource: the server responded with a status of 404 () @ https://www.overleaf.com/project/6a204ea1614e48bb59209a8b/documents:0
[  811279ms] [ERROR] Failed to load resource: the server responded with a status of 500 () @ https://nlp.writefull.ai/suggest-wfo-v3:0
[ 1259990ms] [ERROR] Failed to load resource: the server responded with a status of 500 () @ https://nlp.writefull.ai/suggest-wfo-v3:0
[ 1322572ms] [WARNING] Measure loop restarted more than 5 times @ https://cdn.overleaf.com/js/7311-f6c9004b7eb8292c1209.js:0
[ 1333574ms] [ERROR] Failed to load resource: the server responded with a status of 500 () @ https://nlp.writefull.ai/suggest-wfo-v3:0
[ 1334035ms] [ERROR] Failed to load resource: the server responded with a status of 500 () @ https://nlp.writefull.ai/suggest-wfo-v3:0
[ 5212652ms] [ERROR] Failed to load resource: net::ERR_NETWORK_IO_SUSPENDED @ https://cdn.growthbook.io/sub/sdk-QfwoU5Go16cslnt:0
