[    4689ms] [INFO] Writefull loaded (version 2025.68.0) @ https://cdn.overleaf.com/js/7311-f6c9004b7eb8292c1209.js:0
[    6091ms] [ERROR] Failed to load resource: the server responded with a status of 404 () @ https://compiles.overleafusercontent.com/zone/d/project/6a204ea1614e48bb59209a8b/user/69e630c83739a38ee3b1cd6c/content/19ead851b62-5e34411bfc2d78ca/3fc917d91364894ca07655754f6e5258496963477afbbd19680c27c8beae11d9?compileGroup=priority&clsiserverid=clsi-pre-emp-c4d-d-f-hmzs:0
[    6093ms] [ERROR] Failed to load resource: the server responded with a status of 404 () @ https://compiles.overleafusercontent.com/zone/d/project/6a204ea1614e48bb59209a8b/user/69e630c83739a38ee3b1cd6c/content/19ead851b62-5e34411bfc2d78ca/bcfba06a3778ccee5718066d9775e8e9784ee505c1be27dc595caf4851b9fbd2?compileGroup=priority&clsiserverid=clsi-pre-emp-c4d-d-f-hmzs:0
[    6094ms] [ERROR] Failed to load resource: the server responded with a status of 404 () @ https://compiles.overleafusercontent.com/zone/d/project/6a204ea1614e48bb59209a8b/user/69e630c83739a38ee3b1cd6c/build/19ead91749c-6ac8dbab534e323f/output/output.pdf?compileGroup=priority&clsiserverid=clsi-pre-emp-c4d-d-f-hmzs&enable_pdf_caching=true:0
[    6094ms] [ERROR] Failed to load resource: the server responded with a status of 404 () @ https://compiles.overleafusercontent.com/zone/d/project/6a204ea1614e48bb59209a8b/user/69e630c83739a38ee3b1cd6c/content/19ead851b62-5e34411bfc2d78ca/7e1430c998bd3e7bde68f34a73d11adc6536589a154140008cf6466ee0464d65?compileGroup=priority&clsiserverid=clsi-pre-emp-c4d-d-f-hmzs:0
[    6094ms] [ERROR] Failed to load resource: the server responded with a status of 404 () @ https://compiles.overleafusercontent.com/zone/d/project/6a204ea1614e48bb59209a8b/user/69e630c83739a38ee3b1cd6c/content/19ead851b62-5e34411bfc2d78ca/91894088ad288964f32c3a3c9feeb65b4c6ded120ebcda491b19c1890704e54f?compileGroup=priority&clsiserverid=clsi-pre-emp-c4d-d-f-hmzs:0
[    6392ms] [ERROR] Failed to load resource: the server responded with a status of 404 () @ https://compiles.overleafusercontent.com/zone/d/project/6a204ea1614e48bb59209a8b/user/69e630c83739a38ee3b1cd6c/build/19ead91749c-6ac8dbab534e323f/output/output.pdf?compileGroup=priority&clsiserverid=clsi-pre-emp-c4d-d-f-hmzs&enable_pdf_caching=true:0
[ 1340189ms] [ERROR] Failed to load resource: net::ERR_CONNECTION_CLOSED @ https://cdn.growthbook.io/sub/sdk-QfwoU5Go16cslnt:0
[ 3632644ms] [ERROR] Failed to load resource: the server responded with a status of 500 () @ https://nlp.writefull.ai/suggest-wfo-v3:0
[ 3632838ms] [ERROR] Failed to load resource: the server responded with a status of 500 () @ https://nlp.writefull.ai/suggest-wfo-v3:0
[ 3632984ms] [ERROR] Failed to load resource: the server responded with a status of 500 () @ https://nlp.writefull.ai/suggest-wfo-v3:0
[ 3633014ms] [ERROR] Failed to load resource: the server responded with a status of 500 () @ https://nlp.writefull.ai/suggest-wfo-v3:0
[ 3633237ms] [ERROR] Failed to load resource: the server responded with a status of 500 () @ https://nlp.writefull.ai/suggest-wfo-v3:0
[ 3633388ms] [ERROR] Failed to load resource: the server responded with a status of 500 () @ https://nlp.writefull.ai/suggest-wfo-v3:0
[ 4415608ms] [ERROR] Failed to load resource: the server responded with a status of 500 () @ https://nlp.writefull.ai/suggest-wfo-v3:0
[ 4415616ms] [ERROR] Failed to load resource: the server responded with a status of 500 () @ https://nlp.writefull.ai/suggest-wfo-v3:0
[ 4415617ms] [ERROR] Failed to load resource: the server responded with a status of 500 () @ https://nlp.writefull.ai/suggest-wfo-v3:0
[ 4415625ms] [ERROR] Failed to load resource: the server responded with a status of 500 () @ https://nlp.writefull.ai/suggest-wfo-v3:0
[ 4415781ms] [ERROR] Failed to load resource: the server responded with a status of 500 () @ https://nlp.writefull.ai/suggest-wfo-v3:0
[11965191ms] [ERROR] Failed to load resource: net::ERR_CONNECTION_CLOSED @ https://cdn.growthbook.io/sub/sdk-QfwoU5Go16cslnt:0
