[    3697ms] [INFO] Writefull loaded (version 2025.68.0) @ https://cdn.overleaf.com/js/7311-f6c9004b7eb8292c1209.js:0
[ 2734556ms] [ERROR] Failed to load resource: net::ERR_CONNECTION_CLOSED @ https://cdn.growthbook.io/sub/sdk-QfwoU5Go16cslnt:0
[ 3589626ms] [ERROR] Failed to load resource: net::ERR_NETWORK_IO_SUSPENDED @ https://cdn.growthbook.io/sub/sdk-QfwoU5Go16cslnt:0
[26852713ms] [ERROR] Failed to load resource: net::ERR_CONNECTION_CLOSED @ https://auth.writefull.ai/v2/user/idToken:0
[26852943ms] [ERROR] Failed to load resource: net::ERR_CONNECTION_CLOSED @ https://www.overleaf.com/system/messages:0
[26852943ms] [ERROR] FetchError: There was an error fetching the JSON
    at https://cdn.overleaf.com/js/7474-aa2735c073ce42fe5eb5.js:1:7493 @ :0
[26853344ms] [ERROR] Failed to load resource: net::ERR_NETWORK_CHANGED @ https://cdn.growthbook.io/sub/sdk-QfwoU5Go16cslnt:0
[26853344ms] [ERROR] Failed to load resource: net::ERR_NETWORK_CHANGED @ https://www.overleaf.com/socket.io/1/?projectId=6a204ea1614e48bb59209a8b&esh=1&ssp=1&t=1780967283435:0
[26856449ms] [ERROR] WebSocket connection to 'wss://www.overleaf.com/socket.io/1/websocket/FRxsM-YkP1oDs5FXyfoZ?projectId=6a204ea1614e48bb59209a8b&esh=1&ssp=1' failed: Error in connection establishment: net::ERR_NETWORK_CHANGED @ https://www.overleaf.com/socket.io/socket.io.js:1
[26859527ms] [ERROR] Failed to load resource: net::ERR_NETWORK_CHANGED @ https://www.overleaf.com/socket.io/1/?projectId=6a204ea1614e48bb59209a8b&esh=1&ssp=1&t=1780967296407:0
[26868048ms] [ERROR] Failed to load resource: the server responded with a status of 404 () @ https://compiles.overleafusercontent.com/zone/b/project/6a204ea1614e48bb59209a8b/user/69e630c83739a38ee3b1cd6c/build/19ea861c77c-99a6b17728e3d65c/output/output.pdf?compileGroup=standard&clsiserverid=clsi-pre-emp-c3d-b-f-4s82&enable_pdf_caching=true:0
[26868049ms] [ERROR] ResponseException @ https://cdn.overleaf.com/js/pdf-js-viewer-622cf01cbfea8ab85faa.js:0
[26868062ms] [ERROR] Failed to load resource: the server responded with a status of 404 () @ https://compiles.overleafusercontent.com/zone/b/project/6a204ea1614e48bb59209a8b/user/69e630c83739a38ee3b1cd6c/build/19ea861c77c-99a6b17728e3d65c/output/output.log?clsiserverid=clsi-pre-emp-c3d-b-f-4s82&editorId=2263844e-24c8-40d5-9ba3-94a3e26d22c8&compileGroup=standard:0
[26868062ms] [WARNING] Error: Failed to fetch log file
    at B (https://cdn.overleaf.com/js/362-fb87fb45ad7b875e759d.js:1:531740)
    at async F (https://cdn.overleaf.com/js/362-fb87fb45ad7b875e759d.js:1:530698) @ https://cdn.overleaf.com/js/362-fb87fb45ad7b875e759d.js:0
[26868357ms] [ERROR] Failed to load resource: the server responded with a status of 404 () @ https://compiles.overleafusercontent.com/zone/b/project/6a204ea1614e48bb59209a8b/user/69e630c83739a38ee3b1cd6c/build/19ea861c77c-99a6b17728e3d65c/output/output.pdf?compileGroup=standard&clsiserverid=clsi-pre-emp-c3d-b-f-4s82&enable_pdf_caching=true:0
[26868368ms] [ERROR] Failed to load resource: the server responded with a status of 404 () @ https://compiles.overleafusercontent.com/zone/b/project/6a204ea1614e48bb59209a8b/user/69e630c83739a38ee3b1cd6c/build/19ea861c77c-99a6b17728e3d65c/output/output.blg?clsiserverid=clsi-pre-emp-c3d-b-f-4s82&editorId=2263844e-24c8-40d5-9ba3-94a3e26d22c8&compileGroup=standard:0
[26868368ms] [WARNING] Error: Failed to fetch log file
    at B (https://cdn.overleaf.com/js/362-fb87fb45ad7b875e759d.js:1:531740)
    at async F (https://cdn.overleaf.com/js/362-fb87fb45ad7b875e759d.js:1:531063) @ https://cdn.overleaf.com/js/362-fb87fb45ad7b875e759d.js:0
[26868664ms] [ERROR] Failed to load resource: the server responded with a status of 404 () @ https://compiles.overleafusercontent.com/zone/b/project/6a204ea1614e48bb59209a8b/user/69e630c83739a38ee3b1cd6c/build/19ea861c77c-99a6b17728e3d65c/output/output.pdf?compileGroup=standard&clsiserverid=clsi-pre-emp-c3d-b-f-4s82&enable_pdf_caching=true:0
