[    2620ms] [ERROR] Failed to load resource: the server responded with a status of 410 () @ https://www.overleaf.com/project/6a204ea1614e48bb59209a8b/output/cached/output.overleaf.json:0
[    4437ms] [INFO] Writefull loaded (version 2025.68.0) @ https://cdn.overleaf.com/js/8871-0f44028f7e9000528315.js:1
[   19389ms] [ERROR] Failed to load resource: the server responded with a status of 500 () @ https://nlp.writefull.ai/suggest-wfo-v3:0
[   25010ms] [ERROR] Failed to load resource: the server responded with a status of 500 () @ https://nlp.writefull.ai/suggest-wfo-v3:0
[   25046ms] [ERROR] Failed to load resource: the server responded with a status of 500 () @ https://nlp.writefull.ai/suggest-wfo-v3:0
[ 3606086ms] [ERROR] Failed to load resource: net::ERR_HTTP2_PROTOCOL_ERROR @ https://realtime.cloud.gist.build/api/v3/sse?userToken=NjllNjMwYzgzNzM5YTM4ZWUzYjFjZDZj&siteId=6420c27bb72163938e7d&sessionId=d30d03c3-7667-46c6-a663-282f6fcff4f1:0
[ 4554753ms] [ERROR] Failed to load resource: net::ERR_NETWORK_IO_SUSPENDED @ https://cdn.growthbook.io/sub/sdk-QfwoU5Go16cslnt:0
[ 4554754ms] [ERROR] Failed to load resource: net::ERR_NETWORK_IO_SUSPENDED @ https://realtime.cloud.gist.build/api/v3/sse?userToken=NjllNjMwYzgzNzM5YTM4ZWUzYjFjZDZj&siteId=6420c27bb72163938e7d&sessionId=c29f1fb8-6b67-4361-af4b-3153a16ffac5:0
[13548255ms] [ERROR] Failed to load resource: net::ERR_CONNECTION_CLOSED @ https://www.overleaf.com/socket.io/1/?projectId=6a204ea1614e48bb59209a8b&esh=1&ssp=1&t=1782210510987:0
[13548560ms] [ERROR] Failed to load resource: net::ERR_CONNECTION_CLOSED @ https://cdn.growthbook.io/sub/sdk-QfwoU5Go16cslnt:0
[13548743ms] [ERROR] Failed to load resource: net::ERR_CONNECTION_CLOSED @ https://auth.writefull.ai/v2/user/idToken:0
[13549976ms] [ERROR] Failed to load resource: net::ERR_NETWORK_CHANGED @ https://www.overleaf.com/system/messages:0
[13549978ms] [ERROR] FetchError: There was an error fetching the JSON
    at https://cdn.overleaf.com/js/7474-b2753a04cd87e54ee768.js:1:7484 @ :0
[13553030ms] [ERROR] Failed to load resource: net::ERR_NETWORK_CHANGED @ https://www.overleaf.com/socket.io/1/?projectId=6a204ea1614e48bb59209a8b&esh=1&ssp=1&t=1782210518307:0
[13567081ms] [ERROR] Failed to load resource: net::ERR_CONNECTION_CLOSED @ https://www.overleaf.com/socket.io/1/?projectId=6a204ea1614e48bb59209a8b&esh=1&ssp=1&t=1782210524932:0
[13568789ms] [ERROR] Failed to load resource: net::ERR_CONNECTION_CLOSED @ https://cdn.growthbook.io/sub/sdk-QfwoU5Go16cslnt:0
[13581158ms] [ERROR] Failed to load resource: net::ERR_CONNECTION_CLOSED @ https://www.overleaf.com/socket.io/1/?projectId=6a204ea1614e48bb59209a8b&esh=1&ssp=1&t=1782210539010:0
[13589010ms] [ERROR] Failed to load resource: net::ERR_CONNECTION_CLOSED @ https://cdn.growthbook.io/sub/sdk-QfwoU5Go16cslnt:0
[13599192ms] [ERROR] Failed to load resource: net::ERR_CONNECTION_CLOSED @ https://www.overleaf.com/socket.io/1/?projectId=6a204ea1614e48bb59209a8b&esh=1&ssp=1&t=1782210557041:0
[13602282ms] [ERROR] Failed to load resource: net::ERR_CONNECTION_CLOSED @ https://cdn.growthbook.io/sub/sdk-QfwoU5Go16cslnt:0
[13616819ms] [ERROR] Failed to load resource: net::ERR_CONNECTION_CLOSED @ https://www.overleaf.com/socket.io/1/?projectId=6a204ea1614e48bb59209a8b&esh=1&ssp=1&t=1782210575547:0
[13622129ms] [ERROR] Failed to load resource: net::ERR_CONNECTION_CLOSED @ https://cdn.growthbook.io/sub/sdk-QfwoU5Go16cslnt:0
[13630474ms] [ERROR] Failed to load resource: net::ERR_CONNECTION_CLOSED @ https://www.overleaf.com/socket.io/1/?projectId=6a204ea1614e48bb59209a8b&esh=1&ssp=1&t=1782210588324:0
[13642207ms] [ERROR] Failed to load resource: net::ERR_CONNECTION_CLOSED @ https://www.overleaf.com/socket.io/1/?projectId=6a204ea1614e48bb59209a8b&esh=1&ssp=1&t=1782210600058:0
[13656387ms] [ERROR] Failed to load resource: net::ERR_CONNECTION_CLOSED @ https://www.overleaf.com/socket.io/1/?projectId=6a204ea1614e48bb59209a8b&esh=1&ssp=1&t=1782210614240:0
[13670484ms] [ERROR] Failed to load resource: net::ERR_CONNECTION_CLOSED @ https://cdn.growthbook.io/sub/sdk-QfwoU5Go16cslnt:0
[13671752ms] [ERROR] Failed to load resource: net::ERR_CONNECTION_CLOSED @ https://www.overleaf.com/socket.io/1/?projectId=6a204ea1614e48bb59209a8b&esh=1&ssp=1&t=1782210629605:0
[13687010ms] [ERROR] Failed to load resource: net::ERR_CONNECTION_CLOSED @ https://www.overleaf.com/socket.io/1/?projectId=6a204ea1614e48bb59209a8b&esh=1&ssp=1&t=1782210644861:0
[13704132ms] [ERROR] Failed to load resource: net::ERR_CONNECTION_CLOSED @ https://www.overleaf.com/socket.io/1/?projectId=6a204ea1614e48bb59209a8b&esh=1&ssp=1&t=1782210661983:0
[13721691ms] [ERROR] Failed to load resource: net::ERR_CONNECTION_CLOSED @ https://www.overleaf.com/socket.io/1/?projectId=6a204ea1614e48bb59209a8b&esh=1&ssp=1&t=1782210679541:0
[13733003ms] [ERROR] Failed to load resource: net::ERR_CONNECTION_CLOSED @ https://www.overleaf.com/socket.io/1/?projectId=6a204ea1614e48bb59209a8b&esh=1&ssp=1&t=1782210690854:0
[13745055ms] [ERROR] Failed to load resource: net::ERR_CONNECTION_CLOSED @ https://www.overleaf.com/socket.io/1/?projectId=6a204ea1614e48bb59209a8b&esh=1&ssp=1&t=1782210704199:0
[13759639ms] [ERROR] Failed to load resource: net::ERR_CONNECTION_CLOSED @ https://www.overleaf.com/socket.io/1/?projectId=6a204ea1614e48bb59209a8b&esh=1&ssp=1&t=1782210717489:0
